// Jest Snapshot v1, https://goo.gl/fbAQLP

exports[`should render ExpenseList Item correctly 1`] = `
<div>
  <Link
    replace={false}
    to="/edit/1"
  >
    <h3>
      Gum
    </h3>
  </Link>
  <p>
    $195.00
    -
    December 31O 1969
  </p>
</div>
`;
